Microchip MPLAB XC8 Compiler V2.45

Linker command line:

-W-3 --edf=/opt/microchip/xc8/v2.45/pic/dat/20230818022343_en.msgs -cn \
  -h+dist/default/production/PIC_I2C.X.production.sym \
  --cmf=dist/default/production/PIC_I2C.X.production.cmf -z -Q16F876A \
  -o/tmp/xcXkBmCdh/driver_tmp_3.o --defsym=__MPLAB_BUILD=1 \
  --fixupoverflow=error -Mdist/default/production/PIC_I2C.X.production.map \
  --md=/tmp/xcXkBmCdh/driver_tmp_0.dat -E1 -ver=XC8 Compiler --acfsm=1493 \
  -ACODE=00h-07FFhx4 -ASTRCODE=00h-01FFFh -ASTRING=00h-0FFhx32 \
  -ACONST=00h-0FFhx32 -AENTRY=00h-0FFhx32 -ACOMMON=070h-07Fh \
  -ABANK0=020h-06Fh -ABANK1=0A0h-0EFh -ABANK2=0110h-016Fh \
  -ABANK3=0190h-01EFh -ARAM=020h-06Fh,0A0h-0EFh,0110h-016Fh,0190h-01EFh \
  -AABS1=020h-07Fh,0A0h-0EFh,0110h-016Fh,0190h-01EFh -ASFR0=00h-01Fh \
  -ASFR1=080h-09Fh -ASFR2=0100h-010Fh -ASFR3=0180h-018Fh \
  -ACONFIG=02007h-02007h -DCONFIG=2 -AIDLOC=02000h-02003h -DIDLOC=2 \
  -AEEDATA=00h-0FFh/02100h -peeprom_data=EEDATA -DEEDATA=2 -DCODE=2 \
  -DSTRCODE=2 -DSTRING=2 -DCONST=2 -DENTRY=2 \
  -preset_vec=00h,intentry,init,end_init -ppowerup=CODE -pcinit=CODE \
  -pfunctab=ENTRY -k /tmp/xcXkBmCdh/driver_tmp_17.o \
  dist/default/production/PIC_I2C.X.production.o 

Object code version is 3.11

Machine type is 16F876A



                Name                               Link     Load   Length Selector   Space Scale
/tmp/xcXkBmCdh/driver_tmp_17.o
                end_init                              0        0        3        0       0
                config                             2007     2007        1        0       4
dist/default/production/PIC_I2C.X.production.o
                cinit                               7EB      7EB       15      FD6       0
                config                             2007     2007        1        0       4
                text21                              3E4      3E4        B      7C8       0
                text20                              410      410        D      820       0
                text19                              3EF      3EF        B      7DE       0
                text18                              3FA      3FA        B      7F4       0
                text17                              3C6      3C6        A      78C       0
                text16                              443      443       19      886       0
                text15                              405      405        B      80A       0
                text14                              3D0      3D0        A      7A0       0
                text13                              49C      49C       25      938       0
                text12                              58D      58D       58      B1A       0
                text11                              3BD      3BD        1      77A       0
                text10                              537      537       56      A6E       0
                text9                               4C1      4C1       2A      982       0
                text8                               4EB      4EB       4C      9D6       0
                text7                               5E5      5E5       7D      BCA       0
                text6                               725      725       C6      E4A       0
                text5                               47B      47B       21      8F6       0
                text4                               45C      45C       1F      8B8       0
                text3                               41D      41D        F      83A       0
                text2                               3DA      3DA        A      7B4       0
                text1                               42C      42C       17      858       0
                maintext                            662      662       C3      CC4       0
                cstackBANK0                          20       20       39       20       1
                cstackCOMMON                         70       70        E       70       1
                clrtext                             3BE      3BE        8      77C       0
                bssBANK1                             A0       A0       48       A0       1
                bssBANK0                             59       59        B       20       1
                strings                               3        3       1D        6       0

TOTAL           Name                               Link     Load   Length     Space
        CLASS   CODE           
                end_init                              0        0        3         0
                cinit                               7EB      7EB       15         0
                text21                              3E4      3E4        B         0
                text20                              410      410        D         0
                text19                              3EF      3EF        B         0
                text18                              3FA      3FA        B         0
                text17                              3C6      3C6        A         0
                text16                              443      443       19         0
                text15                              405      405        B         0
                text14                              3D0      3D0        A         0
                text13                              49C      49C       25         0
                text12                              58D      58D       58         0
                text11                              3BD      3BD        1         0
                text10                              537      537       56         0
                text9                               4C1      4C1       2A         0
                text8                               4EB      4EB       4C         0
                text7                               5E5      5E5       7D         0
                text6                               725      725       C6         0
                text5                               47B      47B       21         0
                text4                               45C      45C       1F         0
                text3                               41D      41D        F         0
                text2                               3DA      3DA        A         0
                text1                               42C      42C       17         0
                maintext                            662      662       C3         0
                clrtext                             3BE      3BE        8         0

        CLASS   STRCODE        

        CLASS   STRING         
                strings                               3        3       1D         0

        CLASS   CONST          

        CLASS   ENTRY          

        CLASS   COMMON         
                cstackCOMMON                         70       70        E         1

        CLASS   BANK0          
                cstackBANK0                          20       20       39         1
                bssBANK0                             59       59        B         1

        CLASS   BANK1          
                bssBANK1                             A0       A0       48         1

        CLASS   BANK2          

        CLASS   BANK3          

        CLASS   RAM            

        CLASS   ABS1           
                abs_s1                               7E       7E        2         1

        CLASS   SFR0           

        CLASS   SFR1           

        CLASS   SFR2           

        CLASS   SFR3           

        CLASS   CONFIG         
                config                             2007     2007        1         4

        CLASS   IDLOC          

        CLASS   EEDATA         

        CLASS   HEAP           

        CLASS   STACK          



SEGMENTS        Name                           Load    Length   Top    Selector   Space  Class     Delta

                text4                          00045C  00001F  00047B       8B8       0  CODE        2
                text5                          00047B  000021  00049C       8F6       0  CODE        2
                strings                        000003  00001D  000020         6       0  STRING      2
                text1                          00042C  000017  000443       858       0  CODE        2
                text16                         000443  000019  00045C       886       0  CODE        2
                text10                         000537  000056  00058D       A6E       0  CODE        2
                text12                         00058D  000058  0005E5       B1A       0  CODE        2
                text8                          0004EB  00004C  000537       9D6       0  CODE        2
                text13                         00049C  000025  0004C1       938       0  CODE        2
                text9                          0004C1  00002A  0004EB       982       0  CODE        2
                text3                          00041D  00000F  00042C       83A       0  CODE        2
                text14                         0003D0  00000A  0003DA       7A0       0  CODE        2
                text2                          0003DA  00000A  0003E4       7B4       0  CODE        2
                text17                         0003C6  00000A  0003D0       78C       0  CODE        2
                text11                         0003BD  000001  0003BE       77A       0  CODE        2
                clrtext                        0003BE  000008  0003C6       77C       0  CODE        2
                text15                         000405  00000B  000410       80A       0  CODE        2
                text20                         000410  00000D  00041D       820       0  CODE        2
                text18                         0003FA  00000B  000405       7F4       0  CODE        2
                text21                         0003E4  00000B  0003EF       7C8       0  CODE        2
                text19                         0003EF  00000B  0003FA       7DE       0  CODE        2
                text7                          0005E5  00007D  000662       BCA       0  CODE        2
                cstackCOMMON                   000070  00000E  00007E        70       1  COMMON      1
                reset_vec                      000000  000003  000003         0       0  CODE        2
                cinit                          0007EB  000015  000800       FD6       0  CODE        2
                maintext                       000662  0000C3  000725       CC4       0  CODE        2
                text6                          000725  0000C6  0007EB       E4A       0  CODE        2
                bssBANK1                       0000A0  000048  0000E8        A0       1  BANK1       1
                cstackBANK0                    000020  000044  000064        20       1  BANK0       1


UNUSED ADDRESS RANGES

        Name                Unused          Largest block    Delta
        BANK0            0064-006F              C           1
        BANK1            00E8-00EF              8           1
        BANK2            0110-016F             60           1
        BANK3            0190-01EF             60           1
        CODE             0020-03BC            39D           2
                         0800-1FFF            800
        CONST            0020-03BC            100           2
                         0800-1FFF            100
        EEDATA           2100-21FF            100           2
        ENTRY            0020-03BC            100           2
                         0800-1FFF            100
        IDLOC            2000-2003              4           2
        RAM              0064-006F              C           1
                         00E8-00EF              8
                         0110-016F             60
                         0190-01EF             60
        SFR0             0000-001F             20           1
        SFR1             0080-009F             20           1
        SFR2             0100-010F             10           1
        SFR3             0180-018F             10           1
        STRCODE          0020-03BC            39D           2
                         0800-1FFF           1800
        STRING           0020-03BC            100           2
                         0800-1FFF            100

                                  Symbol Table

?___wmul                    cstackCOMMON 0070
?_i2c_send                  cstackCOMMON 0070
?_read_prec_or_width        cstackCOMMON 0076
?_sprintf                   cstackBANK0  0041
?_vfprintf                  cstackBANK0  003D
_ACKDT                      (abs)        048D
_ACKEN                      (abs)        048C
_ACKSTAT                    (abs)        048E
_PEN                        (abs)        048A
_RCEN                       (abs)        048B
_RCSTA                      (abs)        0018
_RSEN                       (abs)        0489
_SEN                        (abs)        0488
_SPBRG                      (abs)        0099
_SSPADD                     (abs)        0093
_SSPBUF                     (abs)        0013
_SSPCON                     (abs)        0014
_SSPIF                      (abs)        0063
_SSPSTAT                    (abs)        0094
_TRISCbits                  (abs)        0087
_TXIF                       (abs)        0064
_TXREG                      (abs)        0019
_TXSTA                      (abs)        0098
__H__absolute__             __absolute__ 0000
__Habs1                     abs1         0000
__Hbank0                    bank0        0000
__Hbank1                    bank1        0000
__Hbank2                    bank2        0000
__Hbank3                    bank3        0000
__HbssBANK0                 bssBANK0     0000
__HbssBANK1                 bssBANK1     0000
__Hcinit                    cinit        0800
__Hclrtext                  clrtext      0000
__Hcode                     code         0000
__Hcommon                   common       0000
__Hconfig                   config       2008
__HcstackBANK0              cstackBANK0  0000
__HcstackCOMMON             cstackCOMMON 0000
__Heeprom_data              eeprom_data  0000
__Hend_init                 end_init     0003
__Hfunctab                  functab      0000
__Hheap                     heap         0000
__Hinit                     init         0000
__Hintentry                 intentry     0000
__Hmaintext                 maintext     0000
__Hpowerup                  powerup      0000
__Hram                      ram          0000
__Hreset_vec                reset_vec    0000
__Hsfr0                     sfr0         0000
__Hsfr1                     sfr1         0000
__Hsfr2                     sfr2         0000
__Hsfr3                     sfr3         0000
__Hspace_0                  (abs)        0800
__Hspace_1                  (abs)        00E8
__Hspace_2                  (abs)        0000
__Hspace_3                  (abs)        0000
__Hspace_4                  (abs)        400F
__Hstack                    stack        0000
__Hstrings                  strings      0000
__Htext                     text         0000
__L__absolute__             __absolute__ 0000
__Labs1                     abs1         0000
__Lbank0                    bank0        0000
__Lbank1                    bank1        0000
__Lbank2                    bank2        0000
__Lbank3                    bank3        0000
__LbssBANK0                 bssBANK0     0000
__LbssBANK1                 bssBANK1     0000
__Lcinit                    cinit        07EB
__Lclrtext                  clrtext      0000
__Lcode                     code         0000
__Lcommon                   common       0000
__Lconfig                   config       0000
__LcstackBANK0              cstackBANK0  0000
__LcstackCOMMON             cstackCOMMON 0000
__Leeprom_data              eeprom_data  0000
__Lend_init                 end_init     0000
__Lfunctab                  functab      0000
__Lheap                     heap         0000
__Linit                     init         0000
__Lintentry                 intentry     0000
__Lmaintext                 maintext     0000
__Lpowerup                  powerup      0000
__Lram                      ram          0000
__Lreset_vec                reset_vec    0000
__Lsfr0                     sfr0         0000
__Lsfr1                     sfr1         0000
__Lsfr2                     sfr2         0000
__Lsfr3                     sfr3         0000
__Lspace_0                  (abs)        0000
__Lspace_1                  (abs)        0000
__Lspace_2                  (abs)        0000
__Lspace_3                  (abs)        0000
__Lspace_4                  (abs)        0000
__Lstack                    stack        0000
__Lstrings                  strings      0000
__Ltext                     text         0000
__S0                        (abs)        0800
__S1                        (abs)        00E8
__S3                        (abs)        0000
___heap_hi                  (abs)        0000
___heap_lo                  (abs)        0000
___int_sp                   stack        0000
___int_stack_hi             stack        0000
___int_stack_lo             stack        0000
___latbits                  (abs)        0002
___sp                       stack        0000
___stack_hi                 stack        0000
___stack_lo                 stack        0000
___stackhi                  (abs)        0000
___stacklo                  (abs)        0000
___wmul                     text13       049C
___wmul@multiplicand        cstackCOMMON 0072
___wmul@multiplier          cstackCOMMON 0070
___wmul@product             cstackCOMMON 0074
__end_of___wmul             text13       04C1
__end_of__initialization    cinit        07FC
__end_of__stringtab         strings      0009
__end_of_fputc              text10       058D
__end_of_fputs              text9        04EB
__end_of_i2c_ack            text21       03EF
__end_of_i2c_init           text20       041D
__end_of_i2c_noack          text19       03FA
__end_of_i2c_read           text18       0405
__end_of_i2c_rstart         text17       03D0
__end_of_i2c_send           text16       045C
__end_of_i2c_start          text15       0410
__end_of_i2c_stop           text14       03DA
__end_of_main               maintext     0725
__end_of_pad                text8        0537
__end_of_putch              text11       03BE
__end_of_read_prec_or_width text12       05E5
__end_of_sprintf            text4        047B
__end_of_uart_init          text3        042C
__end_of_uart_send          text2        03E4
__end_of_uart_string_send   text1        0443
__end_of_vfpfcnvrt          text6        07EB
__end_of_vfprintf           text5        049C
__end_of_xtoa               text7        0662
__initialization            cinit        07EB
__pbssBANK0                 bssBANK0     0059
__pbssBANK1                 bssBANK1     00A0
__pcstackBANK0              cstackBANK0  0020
__pcstackCOMMON             cstackCOMMON 0070
__pmaintext                 maintext     0662
__pstrings                  strings      0003
__ptext1                    text1        042C
__ptext10                   text10       0537
__ptext11                   text11       03BD
__ptext12                   text12       058D
__ptext13                   text13       049C
__ptext14                   text14       03D0
__ptext15                   text15       0405
__ptext16                   text16       0443
__ptext17                   text17       03C6
__ptext18                   text18       03FA
__ptext19                   text19       03EF
__ptext2                    text2        03DA
__ptext20                   text20       0410
__ptext21                   text21       03E4
__ptext3                    text3        041D
__ptext4                    text4        045C
__ptext5                    text5        047B
__ptext6                    text6        0725
__ptext7                    text7        05E5
__ptext8                    text8        04EB
__ptext9                    text9        04C1
__stringbase                strings      0008
__stringtab                 strings      0003
_dbuf                       bssBANK1     00C8
_flags                      bssBANK0     0063
_fputc                      text10       0537
_fputs                      text9        04C1
_h                          bssBANK0     005D
_i2c_ack                    text21       03E4
_i2c_init                   text20       0410
_i2c_noack                  text19       03EF
_i2c_read                   text18       03FA
_i2c_rstart                 text17       03C6
_i2c_send                   text16       0443
_i2c_start                  text15       0405
_i2c_stop                   text14       03D0
_m                          bssBANK0     005F
_main                       maintext     0662
_pad                        text8        04EB
_prec                       bssBANK0     005B
_putch                      text11       03BD
_read_prec_or_width         text12       058D
_s                          bssBANK0     0061
_s1                         bssBANK1     00A0
_sprintf                    text4        045C
_uart_init                  text3        041D
_uart_send                  text2        03DA
_uart_string_send           text1        042C
_vfpfcnvrt                  text6        0725
_vfprintf                   text5        047B
_width                      bssBANK0     0059
_xtoa                       text7        05E5
btemp                       (abs)        007E
clear_ram0                  clrtext      03BE
end_of_initialization       cinit        07FC
fputc@c                     cstackCOMMON 0070
fputc@fp                    cstackCOMMON 0072
fputs@c                     cstackBANK0  0020
fputs@fp                    cstackCOMMON 0078
fputs@i                     cstackBANK0  0021
fputs@s                     cstackBANK0  0023
i2c_send@data               cstackCOMMON 0074
intlevel0                   functab      0000
intlevel1                   functab      0000
intlevel2                   functab      0000
intlevel3                   functab      0000
intlevel4                   functab      0000
intlevel5                   functab      0000
pad@buf                     cstackCOMMON 007B
pad@fp                      cstackBANK0  0027
pad@i                       cstackBANK0  0025
pad@p                       cstackCOMMON 007C
read_prec_or_width@ap       cstackCOMMON 0076
read_prec_or_width@c        cstackCOMMON 0079
read_prec_or_width@fmt      cstackCOMMON 007C
read_prec_or_width@n        cstackCOMMON 007A
reset_vec                   reset_vec    0000
sprintf@ap                  cstackBANK0  0049
sprintf@f                   cstackBANK0  004B
sprintf@fmt                 cstackBANK0  0041
sprintf@s                   cstackBANK0  004A
start                       init         0000
start_initialization        cinit        07EB
uart_send@data              cstackCOMMON 0070
uart_string_send@data       cstackCOMMON 0072
vfpfcnvrt@ap                cstackBANK0  0033
vfpfcnvrt@convarg           cstackBANK0  0036
vfpfcnvrt@cp                cstackBANK0  003C
vfpfcnvrt@done              cstackBANK0  003A
vfpfcnvrt@fmt               cstackBANK0  0032
vfpfcnvrt@fp                cstackBANK0  003B
vfprintf@ap                 cstackBANK0  003E
vfprintf@cfmt               cstackBANK0  0040
vfprintf@fmt                cstackBANK0  003D
vfprintf@fp                 cstackBANK0  003F
wtemp0                      (abs)        007E
xtoa@c                      cstackBANK0  002F
xtoa@d                      cstackBANK0  0028
xtoa@fp                     cstackBANK0  002B
xtoa@i                      cstackBANK0  0030
xtoa@p                      cstackBANK0  002C
xtoa@w                      cstackBANK0  002D


MODULE INFORMATION

Module		Function		Class		Link	Load	Size
/opt/microchip/xc8/v2.45/pic/sources/c99/common/nf_fputs.c
		_fputs         		CODE           	04C1	0000	42

/opt/microchip/xc8/v2.45/pic/sources/c99/common/nf_fputs.c estimated size: 42

/opt/microchip/xc8/v2.45/pic/sources/c99/common/nf_sprintf.c
		_sprintf       		CODE           	045C	0000	31

/opt/microchip/xc8/v2.45/pic/sources/c99/common/nf_sprintf.c estimated size: 31

PIC_I2C.c
		_i2c_ack       		CODE           	03E4	0000	11
		_uart_string_send		CODE           	042C	0000	23
		_i2c_start     		CODE           	0405	0000	11
		_main          		CODE           	0662	0000	195
		_uart_init     		CODE           	041D	0000	15
		_i2c_noack     		CODE           	03EF	0000	11
		_uart_send     		CODE           	03DA	0000	10
		_i2c_rstart    		CODE           	03C6	0000	10
		_i2c_stop      		CODE           	03D0	0000	10
		_i2c_read      		CODE           	03FA	0000	11
		_i2c_init      		CODE           	0410	0000	13
		_i2c_send      		CODE           	0443	0000	25

PIC_I2C.c estimated size: 345

/opt/microchip/xc8/v2.45/pic/sources/c99/common/doprnt.c
		_read_prec_or_width		CODE           	058D	0000	88
		_vfpfcnvrt     		CODE           	0725	0000	198
		_pad           		CODE           	04EB	0000	76
		_vfprintf      		CODE           	047B	0000	33
		_xtoa          		CODE           	05E5	0000	125

/opt/microchip/xc8/v2.45/pic/sources/c99/common/doprnt.c estimated size: 520

/opt/microchip/xc8/v2.45/pic/sources/c99/common/nf_fputc.c
		_fputc         		CODE           	0537	0000	86

/opt/microchip/xc8/v2.45/pic/sources/c99/common/nf_fputc.c estimated size: 86

/opt/microchip/xc8/v2.45/pic/sources/c99/common/Umul16.c
		___wmul        		CODE           	049C	0000	37

/opt/microchip/xc8/v2.45/pic/sources/c99/common/Umul16.c estimated size: 37

shared
		__stringtab    		STRING         	0003	0000	6
		__initialization		CODE           	07EB	0000	17

shared estimated size: 23

/opt/microchip/xc8/v2.45/pic/sources/c99/common/putch.c
		_putch         		CODE           	03BD	0000	1

/opt/microchip/xc8/v2.45/pic/sources/c99/common/putch.c estimated size: 1

