Microchip MPLAB XC8 Compiler V2.45

Linker command line:

-W-3 --edf=/opt/microchip/xc8/v2.45/pic/dat/20230818022343_en.msgs -cn \
  -h+dist/default/production/lcd_interface.X.production.sym \
  --cmf=dist/default/production/lcd_interface.X.production.cmf -z -Q16F876A \
  -o/tmp/xcXMBJAkI/driver_tmp_3.o --defsym=__MPLAB_BUILD=1 \
  --fixupoverflow=error \
  -Mdist/default/production/lcd_interface.X.production.map \
  --md=/tmp/xcXMBJAkI/driver_tmp_0.dat -E1 -ver=XC8 Compiler --acfsm=1493 \
  -ACODE=00h-07FFhx4 -ASTRCODE=00h-01FFFh -ASTRING=00h-0FFhx32 \
  -ACONST=00h-0FFhx32 -AENTRY=00h-0FFhx32 -ACOMMON=070h-07Fh \
  -ABANK0=020h-06Fh -ABANK1=0A0h-0EFh -ABANK2=0110h-016Fh \
  -ABANK3=0190h-01EFh -ARAM=020h-06Fh,0A0h-0EFh,0110h-016Fh,0190h-01EFh \
  -AABS1=020h-07Fh,0A0h-0EFh,0110h-016Fh,0190h-01EFh -ASFR0=00h-01Fh \
  -ASFR1=080h-09Fh -ASFR2=0100h-010Fh -ASFR3=0180h-018Fh \
  -ACONFIG=02007h-02007h -DCONFIG=2 -AIDLOC=02000h-02003h -DIDLOC=2 \
  -AEEDATA=00h-0FFh/02100h -peeprom_data=EEDATA -DEEDATA=2 -DCODE=2 \
  -DSTRCODE=2 -DSTRING=2 -DCONST=2 -DENTRY=2 \
  -preset_vec=00h,intentry,init,end_init -ppowerup=CODE -pcinit=CODE \
  -pfunctab=ENTRY -k /tmp/xcXMBJAkI/driver_tmp_12.o \
  dist/default/production/lcd_interface.X.production.o 

Object code version is 3.11

Machine type is 16F876A



                Name                               Link     Load   Length Selector   Space Scale
/tmp/xcXMBJAkI/driver_tmp_12.o
                end_init                              0        0        3        0       0
                config                             2007     2007        1        0       4
dist/default/production/lcd_interface.X.production.o
                cinit                               7FC      7FC        4      FF8       0
                config                             2007     2007        1        0       4
                text8                               743      743       10      E86       0
                text7                               753      753       10      EA6       0
                text6                               777      777       19      EEE       0
                text5                               72B      72B        C      E56       0
                text4                               7CB      7CB       31      F96       0
                text3                               763      763       14      EC6       0
                text2                               737      737        C      E6E       0
                text1                               7AC      7AC       1F      F58       0
                maintext                            790      790       1C      F20       0
                cstackCOMMON                         70       70        A       70       1
                strings                               3        3       12        6       0

TOTAL           Name                               Link     Load   Length     Space
        CLASS   CODE           
                end_init                              0        0        3         0
                cinit                               7FC      7FC        4         0
                text8                               743      743       10         0
                text7                               753      753       10         0
                text6                               777      777       19         0
                text5                               72B      72B        C         0
                text4                               7CB      7CB       31         0
                text3                               763      763       14         0
                text2                               737      737        C         0
                text1                               7AC      7AC       1F         0
                maintext                            790      790       1C         0

        CLASS   STRCODE        

        CLASS   STRING         
                strings                               3        3       12         0

        CLASS   CONST          

        CLASS   ENTRY          

        CLASS   COMMON         
                cstackCOMMON                         70       70        A         1

        CLASS   BANK0          

        CLASS   BANK1          

        CLASS   BANK2          

        CLASS   BANK3          

        CLASS   RAM            

        CLASS   ABS1           
                abs_s1                               7E       7E        2         1

        CLASS   SFR0           

        CLASS   SFR1           

        CLASS   SFR2           

        CLASS   SFR3           

        CLASS   CONFIG         
                config                             2007     2007        1         4

        CLASS   IDLOC          

        CLASS   EEDATA         

        CLASS   HEAP           

        CLASS   STACK          



SEGMENTS        Name                           Load    Length   Top    Selector   Space  Class     Delta

                text7                          000753  000010  000763       EA6       0  CODE        2
                text3                          000763  000014  000777       EC6       0  CODE        2
                strings                        000003  000012  000015         6       0  STRING      2
                reset_vec                      000000  000003  000003         0       0  CODE        2
                text8                          000743  000010  000753       E86       0  CODE        2
                text6                          000777  000019  000790       EEE       0  CODE        2
                maintext                       000790  00001C  0007AC       F20       0  CODE        2
                text2                          000737  00000C  000743       E6E       0  CODE        2
                text5                          00072B  00000C  000737       E56       0  CODE        2
                cinit                          0007FC  000004  000800       FF8       0  CODE        2
                cstackCOMMON                   000070  00000A  00007A        70       1  COMMON      1
                text1                          0007AC  00001F  0007CB       F58       0  CODE        2
                text4                          0007CB  000031  0007FC       F96       0  CODE        2


UNUSED ADDRESS RANGES

        Name                Unused          Largest block    Delta
        BANK0            0020-006F             50           1
        BANK1            00A0-00EF             50           1
        BANK2            0110-016F             60           1
        BANK3            0190-01EF             60           1
        CODE             0015-072A            716           2
                         0800-1FFF            800
        COMMON           007A-007D              4           1
        CONST            0015-072A            100           2
                         0800-1FFF            100
        EEDATA           2100-21FF            100           2
        ENTRY            0015-072A            100           2
                         0800-1FFF            100
        IDLOC            2000-2003              4           2
        RAM              0020-006F             50           1
                         00A0-00EF             50
                         0110-016F             60
                         0190-01EF             60
        SFR0             0000-001F             20           1
        SFR1             0080-009F             20           1
        SFR2             0100-010F             10           1
        SFR3             0180-018F             10           1
        STRCODE          0015-072A            716           2
                         0800-1FFF           1800
        STRING           0015-072A            100           2
                         0800-1FFF            100

                                  Symbol Table

_PORTC                    (abs)        0007
_RC0                      (abs)        0038
_RC1                      (abs)        0039
_RC2                      (abs)        003A
_TRISC                    (abs)        0087
__H__absolute__           __absolute__ 0000
__Habs1                   abs1         0000
__Hbank0                  bank0        0000
__Hbank1                  bank1        0000
__Hbank2                  bank2        0000
__Hbank3                  bank3        0000
__Hcinit                  cinit        0800
__Hclrtext                clrtext      0000
__Hcode                   code         0000
__Hcommon                 common       0000
__Hconfig                 config       2008
__HcstackCOMMON           cstackCOMMON 0000
__Heeprom_data            eeprom_data  0000
__Hend_init               end_init     0003
__Hfunctab                functab      0000
__Hheap                   heap         0000
__Hinit                   init         0000
__Hintentry               intentry     0000
__Hmaintext               maintext     0000
__Hpowerup                powerup      0000
__Hram                    ram          0000
__Hreset_vec              reset_vec    0000
__Hsfr0                   sfr0         0000
__Hsfr1                   sfr1         0000
__Hsfr2                   sfr2         0000
__Hsfr3                   sfr3         0000
__Hspace_0                (abs)        0800
__Hspace_1                (abs)        007A
__Hspace_2                (abs)        0000
__Hspace_3                (abs)        0000
__Hspace_4                (abs)        400F
__Hstack                  stack        0000
__Hstrings                strings      0000
__Htext                   text         0000
__L__absolute__           __absolute__ 0000
__Labs1                   abs1         0000
__Lbank0                  bank0        0000
__Lbank1                  bank1        0000
__Lbank2                  bank2        0000
__Lbank3                  bank3        0000
__Lcinit                  cinit        07FC
__Lclrtext                clrtext      0000
__Lcode                   code         0000
__Lcommon                 common       0000
__Lconfig                 config       0000
__LcstackCOMMON           cstackCOMMON 0000
__Leeprom_data            eeprom_data  0000
__Lend_init               end_init     0000
__Lfunctab                functab      0000
__Lheap                   heap         0000
__Linit                   init         0000
__Lintentry               intentry     0000
__Lmaintext               maintext     0000
__Lpowerup                powerup      0000
__Lram                    ram          0000
__Lreset_vec              reset_vec    0000
__Lsfr0                   sfr0         0000
__Lsfr1                   sfr1         0000
__Lsfr2                   sfr2         0000
__Lsfr3                   sfr3         0000
__Lspace_0                (abs)        0000
__Lspace_1                (abs)        0000
__Lspace_2                (abs)        0000
__Lspace_3                (abs)        0000
__Lspace_4                (abs)        0000
__Lstack                  stack        0000
__Lstrings                strings      0000
__Ltext                   text         0000
__S0                      (abs)        0800
__S1                      (abs)        007A
__S3                      (abs)        0000
___heap_hi                (abs)        0000
___heap_lo                (abs)        0000
___int_sp                 stack        0000
___int_stack_hi           stack        0000
___int_stack_lo           stack        0000
___latbits                (abs)        0002
___sp                     stack        0000
___stack_hi               stack        0000
___stack_lo               stack        0000
___stackhi                (abs)        0000
___stacklo                (abs)        0000
__end_of__initialization  cinit        07FC
__end_of__stringtab       strings      0009
__end_of_lcd_command      text5        0737
__end_of_lcd_data         text2        0743
__end_of_lcd_enable_pulse text8        0753
__end_of_lcd_init         text4        07FC
__end_of_lcd_send_byte    text6        0790
__end_of_lcd_send_nibble  text7        0763
__end_of_lcd_set_cursor   text3        0777
__end_of_lcd_write_string text1        07CB
__end_of_main             maintext     07AC
__initialization          cinit        07FC
__pcstackCOMMON           cstackCOMMON 0070
__pmaintext               maintext     0790
__pstrings                strings      0003
__ptext1                  text1        07AC
__ptext2                  text2        0737
__ptext3                  text3        0763
__ptext4                  text4        07CB
__ptext5                  text5        072B
__ptext6                  text6        0777
__ptext7                  text7        0753
__ptext8                  text8        0743
__stringbase              strings      0008
__stringtab               strings      0003
_lcd_command              text5        072B
_lcd_data                 text2        0737
_lcd_enable_pulse         text8        0743
_lcd_init                 text4        07CB
_lcd_send_byte            text6        0777
_lcd_send_nibble          text7        0753
_lcd_set_cursor           text3        0763
_lcd_write_string         text1        07AC
_main                     maintext     0790
btemp                     (abs)        007E
end_of_initialization     cinit        07FC
intlevel0                 functab      0000
intlevel1                 functab      0000
intlevel2                 functab      0000
intlevel3                 functab      0000
intlevel4                 functab      0000
intlevel5                 functab      0000
lcd_command@command       cstackCOMMON 0076
lcd_data@data             cstackCOMMON 0076
lcd_send_byte@data        cstackCOMMON 0075
lcd_send_nibble@nibble    cstackCOMMON 0073
lcd_set_cursor@address    cstackCOMMON 0079
lcd_set_cursor@col        cstackCOMMON 0077
lcd_set_cursor@row        cstackCOMMON 0078
lcd_write_string@str      cstackCOMMON 0078
reset_vec                 reset_vec    0000
start                     init         0000
start_initialization      cinit        07FC
wtemp0                    (abs)        007E


MODULE INFORMATION

Module		Function		Class		Link	Load	Size
lcd_interface.c
		_lcd_command   		CODE           	072B	0000	12
		_lcd_send_byte 		CODE           	0777	0000	25
		_lcd_data      		CODE           	0737	0000	12
		_main          		CODE           	0790	0000	28
		_lcd_set_cursor		CODE           	0763	0000	20
		_lcd_send_nibble		CODE           	0753	0000	16
		_lcd_write_string		CODE           	07AC	0000	31
		_lcd_enable_pulse		CODE           	0743	0000	16
		_lcd_init      		CODE           	07CB	0000	49

lcd_interface.c estimated size: 209

shared
		__stringtab    		STRING         	0003	0000	6
		__initialization		CODE           	07FC	0000	1

shared estimated size: 7

