Microchip MPLAB XC8 Compiler V2.45

Linker command line:

-W-3 --edf=/opt/microchip/xc8/v2.45/pic/dat/20230818022343_en.msgs -cn \
  -h+dist/default/production/pic_12c_lcd.X.production.sym \
  --cmf=dist/default/production/pic_12c_lcd.X.production.cmf -z -Q16F876A \
  -o/tmp/xcXAifmOp/driver_tmp_3.o --defsym=__MPLAB_BUILD=1 \
  --fixupoverflow=error \
  -Mdist/default/production/pic_12c_lcd.X.production.map \
  --md=/tmp/xcXAifmOp/driver_tmp_0.dat -E1 -ver=XC8 Compiler --acfsm=1493 \
  -ACODE=00h-07FFhx4 -ASTRCODE=00h-01FFFh -ASTRING=00h-0FFhx32 \
  -ACONST=00h-0FFhx32 -AENTRY=00h-0FFhx32 -ACOMMON=070h-07Fh \
  -ABANK0=020h-06Fh -ABANK1=0A0h-0EFh -ABANK2=0110h-016Fh \
  -ABANK3=0190h-01EFh -ARAM=020h-06Fh,0A0h-0EFh,0110h-016Fh,0190h-01EFh \
  -AABS1=020h-07Fh,0A0h-0EFh,0110h-016Fh,0190h-01EFh -ASFR0=00h-01Fh \
  -ASFR1=080h-09Fh -ASFR2=0100h-010Fh -ASFR3=0180h-018Fh \
  -ACONFIG=02007h-02007h -DCONFIG=2 -AIDLOC=02000h-02003h -DIDLOC=2 \
  -AEEDATA=00h-0FFh/02100h -peeprom_data=EEDATA -DEEDATA=2 -DCODE=2 \
  -DSTRCODE=2 -DSTRING=2 -DCONST=2 -DENTRY=2 \
  -preset_vec=00h,intentry,init,end_init -ppowerup=CODE -pcinit=CODE \
  -pfunctab=ENTRY -k /tmp/xcXAifmOp/driver_tmp_12.o \
  dist/default/production/pic_12c_lcd.X.production.o 

Object code version is 3.11

Machine type is 16F876A



                Name                               Link     Load   Length Selector   Space Scale
/tmp/xcXAifmOp/driver_tmp_12.o
                end_init                              0        0        3        0       0
                config                             2007     2007        1        0       4
dist/default/production/pic_12c_lcd.X.production.o
                cinit                               7F0      7F0       10      FE0       0
                config                             2007     2007        1        0       4
                text8                               68C      68C        D      D18       0
                text7                               681      681        B      D02       0
                text6                               6AD      6AD       19      D5A       0
                text5                               742      742       57      E84       0
                text4                               711      711       31      E22       0
                text3                               699      699       14      D32       0
                text2                               799      799       57      F32       0
                text1                               6C6      6C6       1F      D8C       0
                maintext                            6E5      6E5       2C      DCA       0
                cstackCOMMON                         70       70        B       70       1
                clrtext                             679      679        8      CF2       0
                bssBANK0                             20       20       2C       20       1
                bssCOMMON                            7B       7B        3       70       1
                strings                               3        3        C        6       0

TOTAL           Name                               Link     Load   Length     Space
        CLASS   CODE           
                end_init                              0        0        3         0
                cinit                               7F0      7F0       10         0
                text8                               68C      68C        D         0
                text7                               681      681        B         0
                text6                               6AD      6AD       19         0
                text5                               742      742       57         0
                text4                               711      711       31         0
                text3                               699      699       14         0
                text2                               799      799       57         0
                text1                               6C6      6C6       1F         0
                maintext                            6E5      6E5       2C         0
                clrtext                             679      679        8         0

        CLASS   STRCODE        

        CLASS   STRING         
                strings                               3        3        C         0

        CLASS   CONST          

        CLASS   ENTRY          

        CLASS   COMMON         
                cstackCOMMON                         70       70        B         1
                bssCOMMON                            7B       7B        3         1

        CLASS   BANK0          
                bssBANK0                             20       20       2C         1

        CLASS   BANK1          

        CLASS   BANK2          

        CLASS   BANK3          

        CLASS   RAM            

        CLASS   ABS1           
                abs_s1                               7E       7E        2         1

        CLASS   SFR0           

        CLASS   SFR1           

        CLASS   SFR2           

        CLASS   SFR3           

        CLASS   CONFIG         
                config                             2007     2007        1         4

        CLASS   IDLOC          

        CLASS   EEDATA         

        CLASS   HEAP           

        CLASS   STACK          



SEGMENTS        Name                           Load    Length   Top    Selector   Space  Class     Delta

                text3                          000699  000014  0006AD       D32       0  CODE        2
                text1                          0006C6  00001F  0006E5       D8C       0  CODE        2
                text6                          0006AD  000019  0006C6       D5A       0  CODE        2
                reset_vec                      000000  000003  000003         0       0  CODE        2
                text8                          00068C  00000D  000699       D18       0  CODE        2
                maintext                       0006E5  00002C  000711       DCA       0  CODE        2
                text4                          000711  000031  000742       E22       0  CODE        2
                text7                          000681  00000B  00068C       D02       0  CODE        2
                clrtext                        000679  000008  000681       CF2       0  CODE        2
                strings                        000003  00000C  00000F         6       0  STRING      2
                bssBANK0                       000020  00002C  00004C        20       1  BANK0       1
                cinit                          0007F0  000010  000800       FE0       0  CODE        2
                cstackCOMMON                   000070  00000E  00007E        70       1  COMMON      1
                text5                          000742  000057  000799       E84       0  CODE        2
                text2                          000799  000057  0007F0       F32       0  CODE        2


UNUSED ADDRESS RANGES

        Name                Unused          Largest block    Delta
        BANK0            004C-006F             24           1
        BANK1            00A0-00EF             50           1
        BANK2            0110-016F             60           1
        BANK3            0190-01EF             60           1
        CODE             000F-0678            66A           2
                         0800-1FFF            800
        CONST            000F-0678            100           2
                         0800-1FFF            100
        EEDATA           2100-21FF            100           2
        ENTRY            000F-0678            100           2
                         0800-1FFF            100
        IDLOC            2000-2003              4           2
        RAM              004C-006F             24           1
                         00A0-00EF             50
                         0110-016F             60
                         0190-01EF             60
        SFR0             0000-001F             20           1
        SFR1             0080-009F             20           1
        SFR2             0100-010F             10           1
        SFR3             0180-018F             10           1
        STRCODE          000F-0678            66A           2
                         0800-1FFF           1800
        STRING           000F-0678            100           2
                         0800-1FFF            100

                                  Symbol Table

?_i2c_send                cstackCOMMON 0070
_ACKDT                    (abs)        048D
_ACKEN                    (abs)        048C
_ACKSTAT                  (abs)        048E
_PEN                      (abs)        048A
_PORTD                    bssCOMMON    007D
_RCEN                     (abs)        048B
_RSEN                     (abs)        0489
_SEN                      (abs)        0488
_SSPADD                   (abs)        0093
_SSPBUF                   (abs)        0013
_SSPCON                   (abs)        0014
_SSPIF                    (abs)        0063
_SSPSTAT                  (abs)        0094
__H__absolute__           __absolute__ 0000
__Habs1                   abs1         0000
__Hbank0                  bank0        0000
__Hbank1                  bank1        0000
__Hbank2                  bank2        0000
__Hbank3                  bank3        0000
__HbssBANK0               bssBANK0     0000
__HbssCOMMON              bssCOMMON    0000
__Hcinit                  cinit        0800
__Hclrtext                clrtext      0000
__Hcode                   code         0000
__Hcommon                 common       0000
__Hconfig                 config       2008
__HcstackCOMMON           cstackCOMMON 0000
__Heeprom_data            eeprom_data  0000
__Hend_init               end_init     0003
__Hfunctab                functab      0000
__Hheap                   heap         0000
__Hinit                   init         0000
__Hintentry               intentry     0000
__Hmaintext               maintext     0000
__Hpowerup                powerup      0000
__Hram                    ram          0000
__Hreset_vec              reset_vec    0000
__Hsfr0                   sfr0         0000
__Hsfr1                   sfr1         0000
__Hsfr2                   sfr2         0000
__Hsfr3                   sfr3         0000
__Hspace_0                (abs)        0800
__Hspace_1                (abs)        007E
__Hspace_2                (abs)        0000
__Hspace_3                (abs)        0000
__Hspace_4                (abs)        400F
__Hstack                  stack        0000
__Hstrings                strings      0000
__Htext                   text         0000
__L__absolute__           __absolute__ 0000
__Labs1                   abs1         0000
__Lbank0                  bank0        0000
__Lbank1                  bank1        0000
__Lbank2                  bank2        0000
__Lbank3                  bank3        0000
__LbssBANK0               bssBANK0     0000
__LbssCOMMON              bssCOMMON    0000
__Lcinit                  cinit        07F0
__Lclrtext                clrtext      0000
__Lcode                   code         0000
__Lcommon                 common       0000
__Lconfig                 config       0000
__LcstackCOMMON           cstackCOMMON 0000
__Leeprom_data            eeprom_data  0000
__Lend_init               end_init     0000
__Lfunctab                functab      0000
__Lheap                   heap         0000
__Linit                   init         0000
__Lintentry               intentry     0000
__Lmaintext               maintext     0000
__Lpowerup                powerup      0000
__Lram                    ram          0000
__Lreset_vec              reset_vec    0000
__Lsfr0                   sfr0         0000
__Lsfr1                   sfr1         0000
__Lsfr2                   sfr2         0000
__Lsfr3                   sfr3         0000
__Lspace_0                (abs)        0000
__Lspace_1                (abs)        0000
__Lspace_2                (abs)        0000
__Lspace_3                (abs)        0000
__Lspace_4                (abs)        0000
__Lstack                  stack        0000
__Lstrings                strings      0000
__Ltext                   text         0000
__S0                      (abs)        0800
__S1                      (abs)        007E
__S3                      (abs)        0000
___heap_hi                (abs)        0000
___heap_lo                (abs)        0000
___int_sp                 stack        0000
___int_stack_hi           stack        0000
___int_stack_lo           stack        0000
___latbits                (abs)        0002
___sp                     stack        0000
___stack_hi               stack        0000
___stack_lo               stack        0000
___stackhi                (abs)        0000
___stacklo                (abs)        0000
__end_of__initialization  cinit        07FC
__end_of__stringtab       strings      0009
__end_of_i2c_init         text8        0699
__end_of_i2c_send         text6        06C6
__end_of_i2c_start        text7        068C
__end_of_lcd_command      text5        0799
__end_of_lcd_data         text2        07F0
__end_of_lcd_init         text4        0742
__end_of_lcd_set_cursor   text3        06AD
__end_of_lcd_write_string text1        06E5
__end_of_main             maintext     0711
__initialization          cinit        07F0
__pbssBANK0               bssBANK0     0020
__pbssCOMMON              bssCOMMON    007B
__pcstackCOMMON           cstackCOMMON 0070
__pmaintext               maintext     06E5
__pstrings                strings      0003
__ptext1                  text1        06C6
__ptext2                  text2        0799
__ptext3                  text3        0699
__ptext4                  text4        0711
__ptext5                  text5        0742
__ptext6                  text6        06AD
__ptext7                  text7        0681
__ptext8                  text8        068C
__stringbase              strings      0008
__stringtab               strings      0003
_i2c_init                 text8        068C
_i2c_send                 text6        06AD
_i2c_start                text7        0681
_lcd_command              text5        0742
_lcd_data                 text2        0799
_lcd_init                 text4        0711
_lcd_set_cursor           text3        0699
_lcd_write_string         text1        06C6
_main                     maintext     06E5
btemp                     (abs)        007E
clear_ram0                clrtext      0679
end_of_initialization     cinit        07FC
i2c_send@data             cstackCOMMON 0074
intlevel0                 functab      0000
intlevel1                 functab      0000
intlevel2                 functab      0000
intlevel3                 functab      0000
intlevel4                 functab      0000
intlevel5                 functab      0000
lcd_command@command       cstackCOMMON 0077
lcd_data@data             cstackCOMMON 0077
lcd_set_cursor@address    cstackCOMMON 007A
lcd_set_cursor@col        cstackCOMMON 0078
lcd_set_cursor@row        cstackCOMMON 0079
lcd_write_string@str      cstackCOMMON 0079
reset_vec                 reset_vec    0000
start                     init         0000
start_initialization      cinit        07F0
wtemp0                    (abs)        007E


MODULE INFORMATION

Module		Function		Class		Link	Load	Size
shared
		__stringtab    		STRING         	0003	0000	6
		__initialization		CODE           	07F0	0000	12

shared estimated size: 18

pic_i2c_lcd.c
		_lcd_command   		CODE           	0742	0000	87
		_lcd_data      		CODE           	0799	0000	87
		_main          		CODE           	06E5	0000	44
		_lcd_set_cursor		CODE           	0699	0000	20
		_lcd_write_string		CODE           	06C6	0000	31
		_lcd_init      		CODE           	0711	0000	49

pic_i2c_lcd.c estimated size: 318

./i2c_header.h
		_i2c_start     		CODE           	0681	0000	11
		_i2c_init      		CODE           	068C	0000	13
		_i2c_send      		CODE           	06AD	0000	25

./i2c_header.h estimated size: 49

