Microchip MPLAB XC8 Compiler V2.45

Linker command line:

-W-3 --edf=/opt/microchip/xc8/v2.45/pic/dat/20230818022343_en.msgs -cn \
  -h+dist/default/production/pic_i2c_find_address.X.production.sym \
  --cmf=dist/default/production/pic_i2c_find_address.X.production.cmf -z \
  -Q16F876A -o/tmp/xcXJEaLhP/driver_tmp_3.o --defsym=__MPLAB_BUILD=1 \
  --fixupoverflow=error \
  -Mdist/default/production/pic_i2c_find_address.X.production.map \
  --md=/tmp/xcXJEaLhP/driver_tmp_0.dat -E1 -ver=XC8 Compiler --acfsm=1493 \
  -ACODE=00h-07FFhx4 -ASTRCODE=00h-01FFFh -ASTRING=00h-0FFhx32 \
  -ACONST=00h-0FFhx32 -AENTRY=00h-0FFhx32 -ACOMMON=070h-07Fh \
  -ABANK0=020h-06Fh -ABANK1=0A0h-0EFh -ABANK2=0110h-016Fh \
  -ABANK3=0190h-01EFh -ARAM=020h-06Fh,0A0h-0EFh,0110h-016Fh,0190h-01EFh \
  -AABS1=020h-07Fh,0A0h-0EFh,0110h-016Fh,0190h-01EFh -ASFR0=00h-01Fh \
  -ASFR1=080h-09Fh -ASFR2=0100h-010Fh -ASFR3=0180h-018Fh \
  -ACONFIG=02007h-02007h -DCONFIG=2 -AIDLOC=02000h-02003h -DIDLOC=2 \
  -AEEDATA=00h-0FFh/02100h -peeprom_data=EEDATA -DEEDATA=2 -DCODE=2 \
  -DSTRCODE=2 -DSTRING=2 -DCONST=2 -DENTRY=2 \
  -preset_vec=00h,intentry,init,end_init -ppowerup=CODE -pcinit=CODE \
  -pfunctab=ENTRY -k /tmp/xcXJEaLhP/driver_tmp_17.o \
  dist/default/production/pic_i2c_find_address.X.production.o 

Object code version is 3.11

Machine type is 16F876A



                Name                               Link     Load   Length Selector   Space Scale
/tmp/xcXJEaLhP/driver_tmp_17.o
                end_init                              0        0        3        0       0
                config                             2007     2007        1        0       4
dist/default/production/pic_i2c_find_address.X.production.o
                cinit                               7EB      7EB       15      FD6       0
                config                             2007     2007        1        0       4
                text12                              5BB      5BB        D      B76       0
                text11                              5D7      5D7       19      BAE       0
                text10                              5A5      5A5        B      B4A       0
                text9                               5B0      5B0        B      B60       0
                text8                               592      592        1      B24       0
                text7                               658      658       56      CB0       0
                text6                               726      726       C5      E4C       0
                text5                               60F      60F       23      C1E       0
                text4                               5F0      5F0       1F      BE0       0
                text3                               5C8      5C8        F      B90       0
                text2                               59B      59B        A      B36       0
                text1                               632      632       26      C64       0
                maintext                            6AE      6AE       78      D5C       0
                cstackBANK0                          20       20       1F       20       1
                cstackCOMMON                         70       70        E       70       1
                clrtext                             593      593        8      B26       0
                bssBANK1                             A0       A0       20       A0       1
                bssBANK0                             3F       3F       19       20       1
                strings                               3        3       66        6       0

TOTAL           Name                               Link     Load   Length     Space
        CLASS   CODE           
                end_init                              0        0        3         0
                cinit                               7EB      7EB       15         0
                text12                              5BB      5BB        D         0
                text11                              5D7      5D7       19         0
                text10                              5A5      5A5        B         0
                text9                               5B0      5B0        B         0
                text8                               592      592        1         0
                text7                               658      658       56         0
                text6                               726      726       C5         0
                text5                               60F      60F       23         0
                text4                               5F0      5F0       1F         0
                text3                               5C8      5C8        F         0
                text2                               59B      59B        A         0
                text1                               632      632       26         0
                maintext                            6AE      6AE       78         0
                clrtext                             593      593        8         0

        CLASS   STRCODE        

        CLASS   STRING         
                strings                               3        3       66         0

        CLASS   CONST          

        CLASS   ENTRY          

        CLASS   COMMON         
                cstackCOMMON                         70       70        E         1

        CLASS   BANK0          
                cstackBANK0                          20       20       1F         1
                bssBANK0                             3F       3F       19         1

        CLASS   BANK1          
                bssBANK1                             A0       A0       20         1

        CLASS   BANK2          

        CLASS   BANK3          

        CLASS   RAM            

        CLASS   ABS1           
                abs_s1                               7E       7E        2         1

        CLASS   SFR0           

        CLASS   SFR1           

        CLASS   SFR2           

        CLASS   SFR3           

        CLASS   CONFIG         
                config                             2007     2007        1         4

        CLASS   IDLOC          

        CLASS   EEDATA         

        CLASS   HEAP           

        CLASS   STACK          



SEGMENTS        Name                           Load    Length   Top    Selector   Space  Class     Delta

                text9                          0005B0  00000B  0005BB       B60       0  CODE        2
                text10                         0005A5  00000B  0005B0       B4A       0  CODE        2
                text12                         0005BB  00000D  0005C8       B76       0  CODE        2
                text5                          00060F  000023  000632       C1E       0  CODE        2
                text1                          000632  000026  000658       C64       0  CODE        2
                text4                          0005F0  00001F  00060F       BE0       0  CODE        2
                text3                          0005C8  00000F  0005D7       B90       0  CODE        2
                text11                         0005D7  000019  0005F0       BAE       0  CODE        2
                text2                          00059B  00000A  0005A5       B36       0  CODE        2
                text8                          000592  000001  000593       B24       0  CODE        2
                reset_vec                      000000  000003  000003         0       0  CODE        2
                clrtext                        000593  000008  00059B       B26       0  CODE        2
                cstackBANK0                    000020  000038  000058        20       1  BANK0       1
                bssBANK1                       0000A0  000020  0000C0        A0       1  BANK1       1
                cinit                          0007EB  000015  000800       FD6       0  CODE        2
                cstackCOMMON                   000070  00000E  00007E        70       1  COMMON      1
                strings                        000003  000066  000069         6       0  STRING      2
                text7                          000658  000056  0006AE       CB0       0  CODE        2
                maintext                       0006AE  000078  000726       D5C       0  CODE        2
                text6                          000726  0000C5  0007EB       E4C       0  CODE        2


UNUSED ADDRESS RANGES

        Name                Unused          Largest block    Delta
        BANK0            0058-006F             18           1
        BANK1            00C0-00EF             30           1
        BANK2            0110-016F             60           1
        BANK3            0190-01EF             60           1
        CODE             0069-0591            529           2
                         0800-1FFF            800
        CONST            0069-0591            100           2
                         0800-1FFF            100
        EEDATA           2100-21FF            100           2
        ENTRY            0069-0591            100           2
                         0800-1FFF            100
        IDLOC            2000-2003              4           2
        RAM              0058-006F             18           1
                         00C0-00EF             30
                         0110-016F             60
                         0190-01EF             60
        SFR0             0000-001F             20           1
        SFR1             0080-009F             20           1
        SFR2             0100-010F             10           1
        SFR3             0180-018F             10           1
        STRCODE          0069-0591            529           2
                         0800-1FFF           1800
        STRING           0069-0591            100           2
                         0800-1FFF            100

                                  Symbol Table

?_i2c_send                cstackCOMMON 0070
?_sprintf                 cstackBANK0  002A
?_vfprintf                cstackBANK0  0028
_ACKSTAT                  (abs)        048E
_PEN                      (abs)        048A
_RCEN                     (abs)        048B
_RCSTA                    (abs)        0018
_SEN                      (abs)        0488
_SPBRG                    (abs)        0099
_SSPADD                   (abs)        0093
_SSPBUF                   (abs)        0013
_SSPCON                   (abs)        0014
_SSPIF                    (abs)        0063
_SSPSTAT                  (abs)        0094
_TRISCbits                (abs)        0087
_TXIF                     (abs)        0064
_TXREG                    (abs)        0019
_TXSTA                    (abs)        0098
__H__absolute__           __absolute__ 0000
__Habs1                   abs1         0000
__Hbank0                  bank0        0000
__Hbank1                  bank1        0000
__Hbank2                  bank2        0000
__Hbank3                  bank3        0000
__HbssBANK0               bssBANK0     0000
__HbssBANK1               bssBANK1     0000
__Hcinit                  cinit        0800
__Hclrtext                clrtext      0000
__Hcode                   code         0000
__Hcommon                 common       0000
__Hconfig                 config       2008
__HcstackBANK0            cstackBANK0  0000
__HcstackCOMMON           cstackCOMMON 0000
__Heeprom_data            eeprom_data  0000
__Hend_init               end_init     0003
__Hfunctab                functab      0000
__Hheap                   heap         0000
__Hinit                   init         0000
__Hintentry               intentry     0000
__Hmaintext               maintext     0000
__Hpowerup                powerup      0000
__Hram                    ram          0000
__Hreset_vec              reset_vec    0000
__Hsfr0                   sfr0         0000
__Hsfr1                   sfr1         0000
__Hsfr2                   sfr2         0000
__Hsfr3                   sfr3         0000
__Hspace_0                (abs)        0800
__Hspace_1                (abs)        00C0
__Hspace_2                (abs)        0000
__Hspace_3                (abs)        0000
__Hspace_4                (abs)        400F
__Hstack                  stack        0000
__Hstrings                strings      0000
__Htext                   text         0000
__L__absolute__           __absolute__ 0000
__Labs1                   abs1         0000
__Lbank0                  bank0        0000
__Lbank1                  bank1        0000
__Lbank2                  bank2        0000
__Lbank3                  bank3        0000
__LbssBANK0               bssBANK0     0000
__LbssBANK1               bssBANK1     0000
__Lcinit                  cinit        07EB
__Lclrtext                clrtext      0000
__Lcode                   code         0000
__Lcommon                 common       0000
__Lconfig                 config       0000
__LcstackBANK0            cstackBANK0  0000
__LcstackCOMMON           cstackCOMMON 0000
__Leeprom_data            eeprom_data  0000
__Lend_init               end_init     0000
__Lfunctab                functab      0000
__Lheap                   heap         0000
__Linit                   init         0000
__Lintentry               intentry     0000
__Lmaintext               maintext     0000
__Lpowerup                powerup      0000
__Lram                    ram          0000
__Lreset_vec              reset_vec    0000
__Lsfr0                   sfr0         0000
__Lsfr1                   sfr1         0000
__Lsfr2                   sfr2         0000
__Lsfr3                   sfr3         0000
__Lspace_0                (abs)        0000
__Lspace_1                (abs)        0000
__Lspace_2                (abs)        0000
__Lspace_3                (abs)        0000
__Lspace_4                (abs)        0000
__Lstack                  stack        0000
__Lstrings                strings      0000
__Ltext                   text         0000
__S0                      (abs)        0800
__S1                      (abs)        00C0
__S3                      (abs)        0000
___heap_hi                (abs)        0000
___heap_lo                (abs)        0000
___int_sp                 stack        0000
___int_stack_hi           stack        0000
___int_stack_lo           stack        0000
___latbits                (abs)        0002
___sp                     stack        0000
___stack_hi               stack        0000
___stack_lo               stack        0000
___stackhi                (abs)        0000
___stacklo                (abs)        0000
__end_of__initialization  cinit        07FC
__end_of__stringtab       strings      0013
__end_of_fputc            text7        06AE
__end_of_i2c_init         text12       05C8
__end_of_i2c_send         text11       05F0
__end_of_i2c_start        text10       05B0
__end_of_i2c_stop         text9        05BB
__end_of_main             maintext     0726
__end_of_putch            text8        0593
__end_of_sprintf          text4        060F
__end_of_uart_init        text3        05D7
__end_of_uart_send        text2        05A5
__end_of_uart_string_send text1        0658
__end_of_vfpfcnvrt        text6        07EB
__end_of_vfprintf         text5        0632
__initialization          cinit        07EB
__pbssBANK0               bssBANK0     003F
__pbssBANK1               bssBANK1     00A0
__pcstackBANK0            cstackBANK0  0020
__pcstackCOMMON           cstackCOMMON 0070
__pmaintext               maintext     06AE
__pstrings                strings      0003
__ptext1                  text1        0632
__ptext10                 text10       05A5
__ptext11                 text11       05D7
__ptext12                 text12       05BB
__ptext2                  text2        059B
__ptext3                  text3        05C8
__ptext4                  text4        05F0
__ptext5                  text5        060F
__ptext6                  text6        0726
__ptext7                  text7        0658
__ptext8                  text8        0592
__ptext9                  text9        05B0
__stringbase              strings      0012
__stringtab               strings      0003
_dbuf                     bssBANK1     00A0
_flags                    bssBANK0     0043
_fputc                    text7        0658
_i2c_init                 text12       05BB
_i2c_send                 text11       05D7
_i2c_start                text10       05A5
_i2c_stop                 text9        05B0
_main                     maintext     06AE
_prec                     bssBANK0     0041
_putch                    text8        0592
_s1                       bssBANK0     0044
_sprintf                  text4        05F0
_uart_init                text3        05C8
_uart_send                text2        059B
_uart_string_send         text1        0632
_vfpfcnvrt                text6        0726
_vfprintf                 text5        060F
_width                    bssBANK0     003F
btemp                     (abs)        007E
clear_ram0                clrtext      0593
end_of_initialization     cinit        07FC
fputc@c                   cstackCOMMON 0070
fputc@fp                  cstackCOMMON 0072
i2c_send@data             cstackCOMMON 0074
intlevel0                 functab      0000
intlevel1                 functab      0000
intlevel2                 functab      0000
intlevel3                 functab      0000
intlevel4                 functab      0000
intlevel5                 functab      0000
main@address              cstackBANK0  003E
main@f                    cstackBANK0  003D
reset_vec                 reset_vec    0000
sprintf@ap                cstackBANK0  002E
sprintf@f                 cstackBANK0  0030
sprintf@fmt               cstackBANK0  002A
sprintf@s                 cstackBANK0  002F
start                     init         0000
start_initialization      cinit        07EB
uart_send@data            cstackCOMMON 0070
uart_string_send@data     cstackCOMMON 0071
vfpfcnvrt@ap              cstackCOMMON 0079
vfpfcnvrt@c               cstackBANK0  0027
vfpfcnvrt@convarg         cstackBANK0  0020
vfpfcnvrt@cp              cstackBANK0  0026
vfpfcnvrt@fmt             cstackCOMMON 0078
vfpfcnvrt@fp              cstackBANK0  0024
vfpfcnvrt@x               cstackBANK0  0025
vfprintf@ap               cstackBANK0  0029
vfprintf@cfmt             cstackCOMMON 007D
vfprintf@fmt              cstackBANK0  0028
vfprintf@fp               cstackCOMMON 007C
wtemp0                    (abs)        007E


MODULE INFORMATION

Module		Function		Class		Link	Load	Size
/opt/microchip/xc8/v2.45/pic/sources/c99/common/nf_sprintf.c
		_sprintf       		CODE           	05F0	0000	31

/opt/microchip/xc8/v2.45/pic/sources/c99/common/nf_sprintf.c estimated size: 31

pic_i2c_find_address.c
		_uart_string_send		CODE           	0632	0000	38
		_i2c_start     		CODE           	05A5	0000	11
		_main          		CODE           	06AE	0000	120
		_uart_init     		CODE           	05C8	0000	15
		_uart_send     		CODE           	059B	0000	10
		_i2c_stop      		CODE           	05B0	0000	11
		_i2c_init      		CODE           	05BB	0000	13
		_i2c_send      		CODE           	05D7	0000	25

pic_i2c_find_address.c estimated size: 243

/opt/microchip/xc8/v2.45/pic/sources/c99/common/doprnt.c
		_vfpfcnvrt     		CODE           	0726	0000	197
		_vfprintf      		CODE           	060F	0000	35

/opt/microchip/xc8/v2.45/pic/sources/c99/common/doprnt.c estimated size: 232

/opt/microchip/xc8/v2.45/pic/sources/c99/common/nf_fputc.c
		_fputc         		CODE           	0658	0000	86

/opt/microchip/xc8/v2.45/pic/sources/c99/common/nf_fputc.c estimated size: 86

shared
		__stringtab    		STRING         	0003	0000	16
		__initialization		CODE           	07EB	0000	17

shared estimated size: 33

/opt/microchip/xc8/v2.45/pic/sources/c99/common/putch.c
		_putch         		CODE           	0592	0000	1

/opt/microchip/xc8/v2.45/pic/sources/c99/common/putch.c estimated size: 1

